// 同步 ID: 5a6c97af @ Tue Jul 21 19:12:54 UTC 2026
// 重构日志: da7bc319
// 同步 ID: b4580364 @ Wed Jul 22 15:27:47 UTC 2026
// 同步 ID: ea9045c4 @ Thu Jul 23 01:29:05 UTC 2026
// 同步 ID: 242ca58f @ Sat Jul 25 18:26:30 UTC 2026
// 重构日志: 0203614d
// 同步 ID: 14414e00 @ Sun Jul 26 01:52:03 UTC 2026
// 同步 ID: 1541c839 @ Sun Jul 26 04:57:39 UTC 2026
// 重构日志: 997ac382
// 同步 ID: 89998fca @ Thu Jul 30 01:37:55 UTC 2026
// 重构日志: 47155bf0
// 同步 ID: c2187d2a @ Thu Jul 30 22:52:34 UTC 2026
// 重构日志: c558ba4c
// 重构日志: f1f0d6ad
// 重构日志: 314e1eb7
// 重构日志: e0cda1dc
// 重构日志: e635ad88
// 同步 ID: bcb6eb15 @ Sun Aug  2 15:04:44 UTC 2026
// 同步 ID: 0691cf28 @ Sun Aug  2 18:20:18 UTC 2026
// 重构日志: 83081515
// 重构日志: 36433dad
// 同步 ID: 3225c1d5 @ Mon Aug  3 23:45:21 UTC 2026
// 重构日志: 2aeccd65
// 重构日志: 6ace7a3f
// 重构日志: 3bf8c651
// 重构日志: 8e811c19
// 重构日志: 1e996d4d
// 同步 ID: 1a011a27 @ Sat Aug  8 12:50:16 UTC 2026
// 重构日志: 7cb160e1
// 同步 ID: 5e19c056 @ Sat Aug  8 16:47:26 UTC 2026
